------------------------------------------------------------
Timing Analyzer Summary
------------------------------------------------------------

Type  : Slow 1200mV 85C Model Setup 'vga_controller:U2|disp_ena'
Slack : 2.348
TNS   : 0.000

Type  : Slow 1200mV 85C Model Setup 'U1|altpll_component|auto_generated|pll1|clk[0]'
Slack : 33.983
TNS   : 0.000

Type  : Slow 1200mV 85C Model Hold 'vga_controller:U2|disp_ena'
Slack : -3.464
TNS   : -34.464

Type  : Slow 1200mV 85C Model Hold 'U1|altpll_component|auto_generated|pll1|clk[0]'
Slack : 0.424
TNS   : 0.000

Type  : Slow 1200mV 85C Model Minimum Pulse Width 'vga_controller:U2|disp_ena'
Slack : 0.360
TNS   : 0.000

Type  : Slow 1200mV 85C Model Minimum Pulse Width 'pixel_clk_m'
Slack : 9.835
TNS   : 0.000

Type  : Slow 1200mV 85C Model Minimum Pulse Width 'U1|altpll_component|auto_generated|pll1|clk[0]'
Slack : 19.622
TNS   : 0.000

Type  : Slow 1200mV 0C Model Setup 'vga_controller:U2|disp_ena'
Slack : 1.555
TNS   : 0.000

Type  : Slow 1200mV 0C Model Setup 'U1|altpll_component|auto_generated|pll1|clk[0]'
Slack : 34.486
TNS   : 0.000

Type  : Slow 1200mV 0C Model Hold 'vga_controller:U2|disp_ena'
Slack : -2.626
TNS   : -26.094

Type  : Slow 1200mV 0C Model Hold 'U1|altpll_component|auto_generated|pll1|clk[0]'
Slack : 0.350
TNS   : 0.000

Type  : Slow 1200mV 0C Model Minimum Pulse Width 'vga_controller:U2|disp_ena'
Slack : 0.447
TNS   : 0.000

Type  : Slow 1200mV 0C Model Minimum Pulse Width 'pixel_clk_m'
Slack : 9.856
TNS   : 0.000

Type  : Slow 1200mV 0C Model Minimum Pulse Width 'U1|altpll_component|auto_generated|pll1|clk[0]'
Slack : 19.576
TNS   : 0.000

Type  : Fast 1200mV 0C Model Setup 'vga_controller:U2|disp_ena'
Slack : 1.144
TNS   : 0.000

Type  : Fast 1200mV 0C Model Setup 'U1|altpll_component|auto_generated|pll1|clk[0]'
Slack : 37.013
TNS   : 0.000

Type  : Fast 1200mV 0C Model Hold 'vga_controller:U2|disp_ena'
Slack : -1.763
TNS   : -17.511

Type  : Fast 1200mV 0C Model Hold 'U1|altpll_component|auto_generated|pll1|clk[0]'
Slack : 0.210
TNS   : 0.000

Type  : Fast 1200mV 0C Model Minimum Pulse Width 'vga_controller:U2|disp_ena'
Slack : 0.347
TNS   : 0.000

Type  : Fast 1200mV 0C Model Minimum Pulse Width 'pixel_clk_m'
Slack : 9.666
TNS   : 0.000

Type  : Fast 1200mV 0C Model Minimum Pulse Width 'U1|altpll_component|auto_generated|pll1|clk[0]'
Slack : 19.671
TNS   : 0.000

------------------------------------------------------------
